apiVersion: v1
kind: Secret
metadata:
  name: foo-secrets
  namespace: bar-test
  labels:
    version: 1.2.3-beta.4
type: Opaque
data:
  this_is_confidential: "SXRzIGEgc2VjcmV0IHRvIEVWRVJZQk9EWSE="
  DB_PASSWORD: "UmVhbGx5IEJhZCBQYXNzd29yZCE="
